// Jest Snapshot v1, https://goo.gl/fbAQLP

exports[`<Main /> should render the heading 1`] = `
<main
  class="styles__Wrapper-xmlisy-0 bhLKHh"
>
  <img
    alt="Imagem de um átomo e React Avançado escrito ao lado."
    class="styles__Logo-xmlisy-1 fEaMNC"
    src="/img/logo.svg"
  />
  <h1
    class="styles__Title-xmlisy-2 bBrHHI"
  >
    Empty
  </h1>
  <h2
    class="styles__Description-xmlisy-3 gAGgGX"
  >
    TypeScript, ReactJS, NextJS e Styled Components
  </h2>
  <img
    alt="Um desenvolvedor de frente para uma tela com código."
    class="styles__Illustration-xmlisy-4 bUMtmG"
    src="/img/hero-illustration.svg"
  />
</main>
`;
